// Jest Snapshot v1, https://goo.gl/fbAQLP

exports[`fetches single launch 1`] = `
Object {
  "data": Object {
    "boards": Array [
      Object {
        "id": "1",
      },
      Object {
        "id": "5",
      },
    ],
  },
  "errors": undefined,
  "extensions": undefined,
  "http": Object {
    "headers": Headers {
      Symbol(map): Object {},
    },
  },
}
`;
